apiVersion: networking.istio.io/v1alpha3
kind: Gateway
metadata:
  annotations:
    internal.istio.io/gateway-service: istio-ingressgateway.istio-system.svc.domain.suffix
    internal.istio.io/parent: Gateway/gateway/default.istio-system
  creationTimestamp: null
  name: gateway-istio-autogenerated-k8s-gateway-default
  namespace: istio-system
spec:
  servers:
  - hosts:
    - '*/*.domain.example'
    port:
      name: default
      number: 80
      protocol: HTTP
---
apiVersion: networking.istio.io/v1alpha3
kind: VirtualService
metadata:
  annotations:
    internal.istio.io/parent: HTTPRoute/http.default
  creationTimestamp: null
  name: http-istio-autogenerated-k8s-gateway
  namespace: default
spec:
  gateways:
  - istio-system/gateway-istio-autogenerated-k8s-gateway-default
  hosts:
  - first.domain.example
  http:
  - fault:
      abort:
        httpStatus: 503
        percentage:
          value: 100
    match:
    - uri:
        regex: /get((\/).*)?
    route:
    - destination:
        host: httpbin-zero.default.svc.domain.suffix
        port:
          number: 8080
  - match:
    - uri:
        regex: /weighted-100((\/).*)?
    route:
    - destination:
        host: foo-svc.default.svc.domain.suffix
        port:
          number: 8000
      headers:
        request:
          add:
            foo: bar
---
